// Jest Snapshot v1, https://goo.gl/fbAQLP

exports[`Grid should render with default styles 1`] = `
.circuit-0 {
  max-width: 67.5rem;
  margin-right: auto;
  margin-left: auto;
  padding-right: 1rem;
  padding-left: 1rem;
  display: grid;
  grid-template-columns: repeat(12,[col-start] minmax(0,1fr));
  grid-column-gap: 1rem;
}

@media (min-width:600px) {
  .circuit-0 {
    padding-right: 2rem;
    padding-left: 2rem;
  }
}

<div
  class="circuit-0 circuit-1"
/>
`;
