// Jest Snapshot v1, https://goo.gl/fbAQLP

exports[`Anchor should render with default styles 1`] = `
.circuit-0 {
  color: #f06595;
  -webkit-transition: color 0.1s ease-in-out,border 0.1s ease-in-out,background-color 0.1s ease-in-out,outline 0.1s ease-in-out;
  transition: color 0.1s ease-in-out,border 0.1s ease-in-out,background-color 0.1s ease-in-out,outline 0.1s ease-in-out;
}

.circuit-0:hover {
  color: #a61e4d;
}

.circuit-0:focus {
  outline: thin dotted currentColor;
  outline-offset: 0.25em;
}

.circuit-0:active {
  color: #f06595;
}

<a
  class="circuit-0 circuit-1"
  href="https://connorbaer.co/"
>
  label
</a>
`;
