// Jest Snapshot v1, https://goo.gl/fbAQLP

exports[`Callout should render with default styles 1`] = `
.circuit-0 {
  text-align: center;
  margin: 0.5rem 0;
  padding: 2rem;
  border: 1px dashed #f06595;
  border-radius: 6px;
  font-size: 1.5rem;
  font-style: italic;
  line-height: 2.25rem;
}

@media (min-width:600px) {
  .circuit-0 {
    grid-column: 1 / 13;
    padding: 2rem 4rem;
  }
}

@media (min-width:900px) {
  .circuit-0 {
    grid-column: 2 / 12;
    padding: 2rem 6rem;
  }
}

<div
  class="circuit-0 circuit-1"
>
  Bacon ipsum dolor amet swine shank biltong ham bacon.
</div>
`;
